// Jest Snapshot v1, https://goo.gl/fbAQLP

exports[`Elements without values correctly parses 1`] = `
Object {
  "elements": Array [
    Object {
      "key": "empty",
      "type": "field",
    },
    Object {
      "items": Array [
        Object {},
        Object {},
        Object {},
      ],
      "key": "leer",
      "type": "field",
    },
    Object {
      "key": "nichts",
      "type": "field",
    },
    Object {
      "key": "nada",
      "type": "field",
    },
    Object {
      "elements": Array [
        Object {
          "elements": Array [
            Object {
              "key": "void",
              "type": "field",
            },
            Object {
              "key": "emptyness",
              "type": "field",
            },
            Object {
              "key": "leere",
              "type": "embed",
            },
          ],
          "key": "none",
          "type": "section",
        },
      ],
      "key": "nothing",
      "type": "section",
    },
    Object {
      "elements": Array [
        Object {
          "items": Array [
            Object {},
            Object {},
            Object {},
          ],
          "key": "absence",
          "type": "field",
        },
        Object {
          "key": "non",
          "type": "field",
        },
        Object {
          "key": "end",
          "type": "field",
        },
      ],
      "key": "ningun",
      "type": "section",
    },
  ],
  "key": null,
  "type": "section",
}
`;
