// Jest Snapshot v1, https://goo.gl/fbAQLP

exports[`Line continuation behaviour line continuations can not be applied to multiline fields 1`] = `
"Line 5 contains a line continuation without a continuable element being specified before.

   Line | Content
   ...
      3 | -- multiline field
      4 | 
 >    5 | | [illegal continuation]"
`;
