// Jest Snapshot v1, https://goo.gl/fbAQLP

exports[`lookup produces the expected summary 1`] = `
"
INDEX  SNIPPET            KEY                  RANGE

0      ▓▓▓  >  ␣co   =>   document             commentOperator
1      ▓▓>  ␣  com   =>   document             commentOperator
2      ▓>␣  c  omm   =>   document             comment
3      >␣c  o  mme   =>   document             comment
4      ␣co  m  men   =>   document             comment
5      com  m  ent   =>   document             comment
6      omm  e  nt⏎   =>   document             comment
7      mme  n  t⏎⏎   =>   document             comment
8      men  t  ⏎⏎f   =>   document             comment
9      ent  ⏎  ⏎fi   =>   document             comment
10     nt⏎  ⏎  fie   =>   document             null
11     t⏎⏎  f  iel   =>   field                key
12     ⏎⏎f  i  eld   =>   field                key
13     ⏎fi  e  ld:   =>   field                key
14     fie  l  d:␣   =>   field                key
15     iel  d  :␣v   =>   field                key
16     eld  :  ␣va   =>   field                fieldOperator
17     ld:  ␣  val   =>   field                fieldOperator
18     d:␣  v  alu   =>   field                value
19     :␣v  a  lue   =>   field                value
20     ␣va  l  ue⏎   =>   field                value
21     val  u  e⏎⏎   =>   field                value
22     alu  e  ⏎⏎l   =>   field                value
23     lue  ⏎  ⏎li   =>   field                value
24     ue⏎  ⏎  lis   =>   document             null
25     e⏎⏎  l  ist   =>   list                 key
26     ⏎⏎l  i  st:   =>   list                 key
27     ⏎li  s  t:⏎   =>   list                 key
28     lis  t  :⏎-   =>   list                 key
29     ist  :  ⏎-␣   =>   list                 fieldOperator
30     st:  ⏎  -␣i   =>   list                 fieldOperator
31     t:⏎  -  ␣it   =>   list                 itemOperator
32     :⏎-  ␣  ite   =>   list                 itemOperator
33     ⏎-␣  i  tem   =>   list                 value
34     -␣i  t  em⏎   =>   list                 value
35     ␣it  e  m⏎⏎   =>   list                 value
36     ite  m  ⏎⏎>   =>   list                 value
37     tem  ⏎  ⏎>␣   =>   list                 value
38     em⏎  ⏎  >␣c   =>   list                 null
39     m⏎⏎  >  ␣co   =>   list                 commentOperator
40     ⏎⏎>  ␣  com   =>   list                 commentOperator
41     ⏎>␣  c  omm   =>   list                 comment
42     >␣c  o  mme   =>   list                 comment
43     ␣co  m  men   =>   list                 comment
44     com  m  ent   =>   list                 comment
45     omm  e  nt⏎   =>   list                 comment
46     mme  n  t⏎-   =>   list                 comment
47     men  t  ⏎-␣   =>   list                 comment
48     ent  ⏎  -␣i   =>   list                 comment
49     nt⏎  -  ␣it   =>   list                 itemOperator
50     t⏎-  ␣  ite   =>   list                 itemOperator
51     ⏎-␣  i  tem   =>   list                 value
52     -␣i  t  em⏎   =>   list                 value
53     ␣it  e  m⏎⏎   =>   list                 value
54     ite  m  ⏎⏎f   =>   list                 value
55     tem  ⏎  ⏎fi   =>   list                 value
56     em⏎  ⏎  fie   =>   document             null
57     m⏎⏎  f  iel   =>   fieldset             key
58     ⏎⏎f  i  eld   =>   fieldset             key
59     ⏎fi  e  lds   =>   fieldset             key
60     fie  l  dse   =>   fieldset             key
61     iel  d  set   =>   fieldset             key
62     eld  s  et:   =>   fieldset             key
63     lds  e  t:⏎   =>   fieldset             key
64     dse  t  :⏎e   =>   fieldset             key
65     set  :  ⏎en   =>   fieldset             fieldOperator
66     et:  ⏎  ent   =>   fieldset             fieldOperator
67     t:⏎  e  ntr   =>   entry                key
68     :⏎e  n  try   =>   entry                key
69     ⏎en  t  ry␣   =>   entry                key
70     ent  r  y␣=   =>   entry                key
71     ntr  y  ␣=␣   =>   entry                key
72     try  ␣  =␣v   =>   entry                key
73     ry␣  =  ␣va   =>   entry                attributeOperator
74     y␣=  ␣  val   =>   entry                attributeOperator
75     ␣=␣  v  alu   =>   entry                value
76     =␣v  a  lue   =>   entry                value
77     ␣va  l  ue⏎   =>   entry                value
78     val  u  e⏎⏎   =>   entry                value
79     alu  e  ⏎⏎>   =>   entry                value
80     lue  ⏎  ⏎>␣   =>   entry                value
81     ue⏎  ⏎  >␣c   =>   fieldset             null
82     e⏎⏎  >  ␣co   =>   entry                commentOperator
83     ⏎⏎>  ␣  com   =>   entry                commentOperator
84     ⏎>␣  c  omm   =>   entry                comment
85     >␣c  o  mme   =>   entry                comment
86     ␣co  m  men   =>   entry                comment
87     com  m  ent   =>   entry                comment
88     omm  e  nt⏎   =>   entry                comment
89     mme  n  t⏎e   =>   entry                comment
90     men  t  ⏎en   =>   entry                comment
91     ent  ⏎  ent   =>   entry                comment
92     nt⏎  e  ntr   =>   entry                key
93     t⏎e  n  try   =>   entry                key
94     ⏎en  t  ry␣   =>   entry                key
95     ent  r  y␣=   =>   entry                key
96     ntr  y  ␣=␣   =>   entry                key
97     try  ␣  =␣v   =>   entry                key
98     ry␣  =  ␣va   =>   entry                attributeOperator
99     y␣=  ␣  val   =>   entry                attributeOperator
100    ␣=␣  v  alu   =>   entry                value
101    =␣v  a  lue   =>   entry                value
102    ␣va  l  ue⏎   =>   entry                value
103    val  u  e⏎⏎   =>   entry                value
104    alu  e  ⏎⏎#   =>   entry                value
105    lue  ⏎  ⏎#␣   =>   entry                value
106    ue⏎  ⏎  #␣s   =>   document             null
107    e⏎⏎  #  ␣se   =>   section              sectionOperator
108    ⏎⏎#  ␣  sec   =>   section              sectionOperator
109    ⏎#␣  s  ect   =>   section              key
110    #␣s  e  cti   =>   section              key
111    ␣se  c  tio   =>   section              key
112    sec  t  ion   =>   section              key
113    ect  i  on⏎   =>   section              key
114    cti  o  n⏎⏎   =>   section              key
115    tio  n  ⏎⏎>   =>   section              key
116    ion  ⏎  ⏎>␣   =>   section              key
117    on⏎  ⏎  >␣c   =>   section              null
118    n⏎⏎  >  ␣co   =>   empty                commentOperator
119    ⏎⏎>  ␣  com   =>   empty                commentOperator
120    ⏎>␣  c  omm   =>   empty                comment
121    >␣c  o  mme   =>   empty                comment
122    ␣co  m  men   =>   empty                comment
123    com  m  ent   =>   empty                comment
124    omm  e  nt⏎   =>   empty                comment
125    mme  n  t⏎-   =>   empty                comment
126    men  t  ⏎--   =>   empty                comment
127    ent  ⏎  --␣   =>   empty                comment
128    nt⏎  -  -␣e   =>   empty                embedOperator
129    t⏎-  -  ␣em   =>   empty                embedOperator
130    ⏎--  ␣  emp   =>   empty                embedOperator
131    --␣  e  mpt   =>   empty                key
132    -␣e  m  pty   =>   empty                key
133    ␣em  p  ty⏎   =>   empty                key
134    emp  t  y⏎-   =>   empty                key
135    mpt  y  ⏎--   =>   empty                key
136    pty  ⏎  --␣   =>   empty                key
137    ty⏎  -  -␣e   =>   empty                embedOperator
138    y⏎-  -  ␣em   =>   empty                embedOperator
139    ⏎--  ␣  emp   =>   empty                embedOperator
140    --␣  e  mpt   =>   empty                key
141    -␣e  m  pty   =>   empty                key
142    ␣em  p  ty⏎   =>   empty                key
143    emp  t  y⏎⏎   =>   empty                key
144    mpt  y  ⏎⏎-   =>   empty                key
145    pty  ⏎  ⏎--   =>   empty                key
146    ty⏎  ⏎  --␣   =>   section              null
147    y⏎⏎  -  -␣m   =>   multiline            embedOperator
148    ⏎⏎-  -  ␣mu   =>   multiline            embedOperator
149    ⏎--  ␣  mul   =>   multiline            embedOperator
150    --␣  m  ult   =>   multiline            key
151    -␣m  u  lti   =>   multiline            key
152    ␣mu  l  til   =>   multiline            key
153    mul  t  ili   =>   multiline            key
154    ult  i  lin   =>   multiline            key
155    lti  l  ine   =>   multiline            key
156    til  i  ne⏎   =>   multiline            key
157    ili  n  e⏎v   =>   multiline            key
158    lin  e  ⏎va   =>   multiline            key
159    ine  ⏎  val   =>   multiline            key
160    ne⏎  v  alu   =>   multiline            value
161    e⏎v  a  lue   =>   multiline            value
162    ⏎va  l  ue⏎   =>   multiline            value
163    val  u  e⏎v   =>   multiline            value
164    alu  e  ⏎va   =>   multiline            value
165    lue  ⏎  val   =>   multiline            value
166    ue⏎  v  alu   =>   multiline            value
167    e⏎v  a  lue   =>   multiline            value
168    ⏎va  l  ue⏎   =>   multiline            value
169    val  u  e⏎-   =>   multiline            value
170    alu  e  ⏎--   =>   multiline            value
171    lue  ⏎  --␣   =>   multiline            value
172    ue⏎  -  -␣m   =>   multiline            embedOperator
173    e⏎-  -  ␣mu   =>   multiline            embedOperator
174    ⏎--  ␣  mul   =>   multiline            embedOperator
175    --␣  m  ult   =>   multiline            key
176    -␣m  u  lti   =>   multiline            key
177    ␣mu  l  til   =>   multiline            key
178    mul  t  ili   =>   multiline            key
179    ult  i  lin   =>   multiline            key
180    lti  l  ine   =>   multiline            key
181    til  i  ne⏎   =>   multiline            key
182    ili  n  e⏎⏎   =>   multiline            key
183    lin  e  ⏎⏎#   =>   multiline            key
184    ine  ⏎  ⏎##   =>   multiline            key
185    ne⏎  ⏎  ##␣   =>   section              null
186    e⏎⏎  #  #␣s   =>   subsection           sectionOperator
187    ⏎⏎#  #  ␣su   =>   subsection           sectionOperator
188    ⏎##  ␣  sub   =>   subsection           sectionOperator
189    ##␣  s  ubs   =>   subsection           key
190    #␣s  u  bse   =>   subsection           key
191    ␣su  b  sec   =>   subsection           key
192    sub  s  ect   =>   subsection           key
193    ubs  e  cti   =>   subsection           key
194    bse  c  tio   =>   subsection           key
195    sec  t  ion   =>   subsection           key
196    ect  i  on    =>   subsection           key
197    cti  o  n ▓   =>   subsection           key
198    tio  n   ▓▓   =>   subsection           key
199    ion     ▓▓▓   =>   subsection           key
"
`;
