// Jest Snapshot v1, https://goo.gl/fbAQLP

exports[`Tlateloco sample parses correctly 1`] = `
Object {
  "elements": Array [
    Object {
      "key": "Titel",
      "type": "field",
      "value": "Tlatelolco: Wohnblocks, Ruinen und Massaker",
    },
    Object {
      "key": "Untertitel",
      "type": "field",
      "value": "»Tlatelolco«, ein Film von Lotte Schreiber",
    },
    Object {
      "key": "Bild",
      "type": "field",
    },
    Object {
      "items": Array [
        Object {
          "value": "Georg Oswald",
        },
      ],
      "key": "Autoren",
      "type": "field",
    },
    Object {
      "key": "Datum",
      "type": "field",
      "value": "2013-01-01",
    },
    Object {
      "key": "Sprache",
      "type": "field",
      "value": "DE",
    },
    Object {
      "items": Array [
        Object {
          "value": "Besprechung",
        },
        Object {
          "value": "Film",
        },
      ],
      "key": "Kategorien",
      "type": "field",
    },
    Object {
      "items": Array [
        Object {
          "value": "Mexiko",
        },
        Object {
          "value": "Tlatelolco",
        },
        Object {
          "value": "Olympische Spiele",
        },
        Object {
          "value": "Architektur",
        },
        Object {
          "value": "Mexico City",
        },
        Object {
          "value": "Polizeigewalt",
        },
      ],
      "key": "Tags",
      "type": "field",
    },
    Object {
      "key": "Permalink",
      "type": "field",
      "value": "tlatelolco-wohnblocks-ruinen-und-massaker",
    },
    Object {
      "key": "Buchbesprechungen",
      "type": "field",
    },
    Object {
      "key": "Lesbar",
      "type": "field",
      "value": "Ja",
    },
    Object {
      "key": "Urbanize",
      "type": "field",
    },
    Object {
      "key": "Abstract",
      "type": "embed",
    },
    Object {
      "key": "Text",
      "type": "embed",
      "value": "Der Stadtteil Tlatelolco ist ein Ort, ...
...Österreich, Mexiko, 75 min",
    },
    Object {
      "key": "Literaturverzeichnis",
      "type": "embed",
    },
  ],
  "key": null,
  "type": "section",
}
`;
