// Jest Snapshot v1, https://goo.gl/fbAQLP

exports[`Requiring through public convenience module de provides a working locale 1`] = `
"Das Feld in Zeile 1 hat keinen Key.

  Zeile | Inhalt
 >    1 | :invalid"
`;

exports[`Requiring through public convenience module es provides a working locale 1`] = `
"La casilla en línea 1 no tiene clave.

  Línea | Contenido
 >    1 | :invalid"
`;
