// Jest Snapshot v1, https://goo.gl/fbAQLP

exports[`Copying a multiline field succeeds 1`] = `
Object {
  "elements": Array [
    Object {
      "key": "Multiline Field",
      "type": "field",
      "value": "Veni
Vidi
Vici",
    },
    Object {
      "key": "Copied Multiline Field",
      "type": "field",
      "value": "Veni
Vidi
Vici",
    },
  ],
  "type": "document",
}
`;
