// Jest Snapshot v1, https://goo.gl/fbAQLP

exports[`Blackbox test Continuations performs as expected 1`] = `
Array [
  Object {
    "Field": "[value] [spaced_line_continuation][direct_line_continuation]",
  },
  Object {
    "Fieldset": Array [
      Object {
        "Entry": "[value] [spaced_line_continuation][direct_line_continuation]",
      },
    ],
  },
  Object {
    "List": Array [
      "[value] [spaced_line_continuation][direct_line_continuation]",
    ],
  },
  Object {
    "Empty field": "[spaced_line_continuation][direct_line_continuation]",
  },
  Object {
    "Fieldset with empty entry": Array [
      Object {
        "Empty entry": "[spaced_line_continuation][direct_line_continuation]",
      },
    ],
  },
  Object {
    "List with empty item": Array [
      "[spaced_line_continuation][direct_line_continuation]",
    ],
  },
]
`;
