// Jest Snapshot v1, https://goo.gl/fbAQLP

exports[`Attribute tokenization performs as specified 1`] = `
Object {
  "_document": Object {
    "depth": 0,
    "elements": Array [
      Object {
        "attributes": Array [
          Object {
            "id": 24,
            "key": "attribute",
            "line": 2,
            "parent": [Circular],
            "ranges": Object {
              "attributeOperator": Array [
                18,
                19,
              ],
              "key": Array [
                8,
                17,
              ],
              "line": Array [
                8,
                25,
              ],
              "value": Array [
                20,
                25,
              ],
            },
            "value": "value",
          },
          Object {
            "id": 24,
            "key": "attribute",
            "line": 4,
            "parent": [Circular],
            "ranges": Object {
              "attributeOperator": Array [
                40,
                41,
              ],
              "key": Array [
                27,
                36,
              ],
              "line": Array [
                27,
                47,
              ],
              "value": Array [
                42,
                47,
              ],
            },
            "value": "value",
          },
          Object {
            "id": 24,
            "key": "attribute",
            "line": 6,
            "parent": [Circular],
            "ranges": Object {
              "attributeOperator": Array [
                63,
                64,
              ],
              "key": Array [
                53,
                62,
              ],
              "line": Array [
                49,
                70,
              ],
              "value": Array [
                65,
                70,
              ],
            },
            "value": "value",
          },
          Object {
            "id": 24,
            "key": "attribute",
            "line": 8,
            "parent": [Circular],
            "ranges": Object {
              "attributeOperator": Array [
                89,
                90,
              ],
              "key": Array [
                76,
                85,
              ],
              "line": Array [
                72,
                96,
              ],
              "value": Array [
                91,
                96,
              ],
            },
            "value": "value",
          },
          Object {
            "id": 24,
            "key": "attribute",
            "line": 10,
            "parent": [Circular],
            "ranges": Object {
              "attributeOperator": Array [
                115,
                116,
              ],
              "key": Array [
                102,
                111,
              ],
              "line": Array [
                98,
                125,
              ],
              "value": Array [
                120,
                125,
              ],
            },
            "value": "value",
          },
          Object {
            "id": 24,
            "key": "attribute",
            "line": 12,
            "parent": [Circular],
            "ranges": Object {
              "attributeOperator": Array [
                137,
                138,
              ],
              "key": Array [
                127,
                136,
              ],
              "line": Array [
                127,
                144,
              ],
              "value": Array [
                139,
                144,
              ],
            },
            "value": "value",
          },
        ],
        "id": 2049,
        "key": "field",
        "line": 0,
        "parent": [Circular],
        "ranges": Object {
          "fieldOperator": Array [
            5,
            6,
          ],
          "key": Array [
            0,
            5,
          ],
          "line": Array [
            0,
            6,
          ],
        },
      },
    ],
    "id": 128,
    "line": 0,
    "ranges": Object {
      "line": Array [
        0,
        0,
      ],
    },
  },
  "_lineCount": 13,
  "_meta": Array [],
}
`;
