// Jest Snapshot v1, https://goo.gl/fbAQLP

exports[`Comment tokenization performs as specified 1`] = `
Object {
  "_document": Object {
    "depth": 0,
    "elements": Array [],
    "type": Symbol(Document),
  },
  "_lineCount": 4,
  "_meta": Array [
    Object {
      "comment": "value",
      "line": 0,
      "ranges": Object {
        "comment": Array [
          2,
          7,
        ],
        "commentOperator": Array [
          0,
          1,
        ],
        "line": Array [
          0,
          7,
        ],
      },
      "type": Symbol(Comment),
    },
    Object {
      "comment": "more value",
      "line": 1,
      "ranges": Object {
        "comment": Array [
          10,
          20,
        ],
        "commentOperator": Array [
          8,
          9,
        ],
        "line": Array [
          8,
          22,
        ],
      },
      "type": Symbol(Comment),
    },
    Object {
      "comment": "value",
      "line": 2,
      "ranges": Object {
        "comment": Array [
          32,
          37,
        ],
        "commentOperator": Array [
          27,
          28,
        ],
        "line": Array [
          23,
          37,
        ],
      },
      "type": Symbol(Comment),
    },
    Object {
      "comment": null,
      "line": 3,
      "ranges": Object {
        "commentOperator": Array [
          42,
          43,
        ],
        "line": Array [
          38,
          47,
        ],
      },
      "type": Symbol(Comment),
    },
  ],
}
`;
