// Jest Snapshot v1, https://goo.gl/fbAQLP

exports[`Copy tokenization performs as specified 1`] = `
Object {
  "_document": Object {
    "depth": 0,
    "elements": Array [
      Object {
        "key": "template",
        "line": 0,
        "parent": [Circular],
        "ranges": Object {
          "elementOperator": Array [
            8,
            9,
          ],
          "key": Array [
            0,
            8,
          ],
          "line": Array [
            0,
            9,
          ],
        },
        "type": Symbol(Empty Element),
      },
      Object {
        "key": "key",
        "line": 2,
        "parent": [Circular],
        "ranges": Object {
          "copyOperator": Array [
            15,
            16,
          ],
          "key": Array [
            11,
            14,
          ],
          "line": Array [
            11,
            25,
          ],
          "template": Array [
            17,
            25,
          ],
        },
        "template": "template",
        "type": Symbol(Empty Element),
      },
      Object {
        "key": "key",
        "line": 3,
        "parent": [Circular],
        "ranges": Object {
          "copyOperator": Array [
            30,
            32,
          ],
          "key": Array [
            26,
            29,
          ],
          "line": Array [
            26,
            41,
          ],
          "template": Array [
            33,
            41,
          ],
        },
        "template": "template",
        "type": Symbol(Empty Element),
      },
      Object {
        "key": "key",
        "line": 4,
        "parent": [Circular],
        "ranges": Object {
          "copyOperator": Array [
            49,
            50,
          ],
          "key": Array [
            42,
            45,
          ],
          "line": Array [
            42,
            59,
          ],
          "template": Array [
            51,
            59,
          ],
        },
        "template": "template",
        "type": Symbol(Empty Element),
      },
      Object {
        "key": "key",
        "line": 5,
        "parent": [Circular],
        "ranges": Object {
          "copyOperator": Array [
            67,
            69,
          ],
          "key": Array [
            60,
            63,
          ],
          "line": Array [
            60,
            78,
          ],
          "template": Array [
            70,
            78,
          ],
        },
        "template": "template",
        "type": Symbol(Empty Element),
      },
      Object {
        "key": "key",
        "line": 6,
        "parent": [Circular],
        "ranges": Object {
          "copyOperator": Array [
            92,
            93,
          ],
          "key": Array [
            84,
            87,
          ],
          "line": Array [
            79,
            102,
          ],
          "template": Array [
            94,
            102,
          ],
        },
        "template": "template",
        "type": Symbol(Empty Element),
      },
      Object {
        "key": "key",
        "line": 7,
        "parent": [Circular],
        "ranges": Object {
          "copyOperator": Array [
            116,
            118,
          ],
          "key": Array [
            108,
            111,
          ],
          "line": Array [
            103,
            127,
          ],
          "template": Array [
            119,
            127,
          ],
        },
        "template": "template",
        "type": Symbol(Empty Element),
      },
    ],
    "type": Symbol(Document),
  },
  "_lineCount": 8,
  "_meta": Array [],
}
`;
