// Jest Snapshot v1, https://goo.gl/fbAQLP

exports[`Embed tokenization performs as specified 1`] = `
Object {
  "_document": Object {
    "depth": 0,
    "elements": Array [
      Object {
        "end": Object {
          "line": 2,
          "ranges": Object {
            "key": Array [
              16,
              19,
            ],
            "line": Array [
              13,
              19,
            ],
            "multilineFieldOperator": Array [
              13,
              15,
            ],
          },
          "type": Symbol(Embed End),
        },
        "key": "key",
        "line": 0,
        "lines": Array [
          Object {
            "line": 1,
            "ranges": Object {
              "line": Array [
                7,
                12,
              ],
              "value": Array [
                7,
                12,
              ],
            },
            "type": Symbol(Embed Value),
          },
        ],
        "parent": [Circular],
        "ranges": Object {
          "key": Array [
            3,
            6,
          ],
          "line": Array [
            0,
            6,
          ],
          "multilineFieldOperator": Array [
            0,
            2,
          ],
        },
        "type": Symbol(Embed Begin),
      },
      Object {
        "end": Object {
          "line": 8,
          "ranges": Object {
            "key": Array [
              46,
              49,
            ],
            "line": Array [
              39,
              49,
            ],
            "multilineFieldOperator": Array [
              43,
              45,
            ],
          },
          "type": Symbol(Embed End),
        },
        "key": "key",
        "line": 4,
        "lines": Array [
          Object {
            "line": 5,
            "ranges": Object {
              "line": Array [
                31,
                31,
              ],
              "value": Array [
                31,
                31,
              ],
            },
            "type": Symbol(Embed Value),
          },
          Object {
            "line": 6,
            "ranges": Object {
              "line": Array [
                32,
                37,
              ],
              "value": Array [
                32,
                37,
              ],
            },
            "type": Symbol(Embed Value),
          },
          Object {
            "line": 7,
            "ranges": Object {
              "line": Array [
                38,
                38,
              ],
              "value": Array [
                38,
                38,
              ],
            },
            "type": Symbol(Embed Value),
          },
        ],
        "parent": [Circular],
        "ranges": Object {
          "key": Array [
            27,
            30,
          ],
          "line": Array [
            21,
            30,
          ],
          "multilineFieldOperator": Array [
            21,
            23,
          ],
        },
        "type": Symbol(Embed Begin),
      },
      Object {
        "end": Object {
          "line": 14,
          "ranges": Object {
            "key": Array [
              93,
              96,
            ],
            "line": Array [
              82,
              96,
            ],
            "multilineFieldOperator": Array [
              90,
              92,
            ],
          },
          "type": Symbol(Embed End),
        },
        "key": "key",
        "line": 10,
        "lines": Array [
          Object {
            "line": 11,
            "ranges": Object {
              "line": Array [
                65,
                70,
              ],
              "value": Array [
                65,
                70,
              ],
            },
            "type": Symbol(Embed Value),
          },
          Object {
            "line": 12,
            "ranges": Object {
              "line": Array [
                71,
                71,
              ],
              "value": Array [
                71,
                71,
              ],
            },
            "type": Symbol(Embed Value),
          },
          Object {
            "line": 13,
            "ranges": Object {
              "line": Array [
                72,
                81,
              ],
              "value": Array [
                72,
                81,
              ],
            },
            "type": Symbol(Embed Value),
          },
        ],
        "parent": [Circular],
        "ranges": Object {
          "key": Array [
            61,
            64,
          ],
          "line": Array [
            51,
            64,
          ],
          "multilineFieldOperator": Array [
            55,
            57,
          ],
        },
        "type": Symbol(Embed Begin),
      },
    ],
    "type": Symbol(Document),
  },
  "_lineCount": 15,
  "_meta": Array [],
}
`;
