// Jest Snapshot v1, https://goo.gl/fbAQLP

exports[`Escaped attribute tokenization performs as specified 1`] = `
Object {
  "_document": Object {
    "depth": 0,
    "elements": Array [
      Object {
        "attributes": Array [
          Object {
            "key": "key",
            "line": 1,
            "parent": [Circular],
            "ranges": Object {
              "attributeOperator": Array [
                13,
                14,
              ],
              "escapeBeginOperator": Array [
                7,
                8,
              ],
              "escapeEndOperator": Array [
                11,
                12,
              ],
              "key": Array [
                8,
                11,
              ],
              "line": Array [
                7,
                14,
              ],
            },
            "type": Symbol(Attribute),
          },
          Object {
            "key": "ke\`y",
            "line": 3,
            "parent": [Circular],
            "ranges": Object {
              "attributeOperator": Array [
                25,
                26,
              ],
              "escapeBeginOperator": Array [
                16,
                18,
              ],
              "escapeEndOperator": Array [
                22,
                24,
              ],
              "key": Array [
                18,
                22,
              ],
              "line": Array [
                16,
                26,
              ],
            },
            "type": Symbol(Attribute),
          },
          Object {
            "key": "k\`\`ey",
            "line": 5,
            "parent": [Circular],
            "ranges": Object {
              "attributeOperator": Array [
                43,
                44,
              ],
              "escapeBeginOperator": Array [
                28,
                31,
              ],
              "escapeEndOperator": Array [
                36,
                39,
              ],
              "key": Array [
                31,
                36,
              ],
              "line": Array [
                28,
                44,
              ],
            },
            "type": Symbol(Attribute),
          },
          Object {
            "key": "\`key\`",
            "line": 7,
            "parent": [Circular],
            "ranges": Object {
              "attributeOperator": Array [
                65,
                66,
              ],
              "escapeBeginOperator": Array [
                50,
                52,
              ],
              "escapeEndOperator": Array [
                59,
                61,
              ],
              "key": Array [
                53,
                58,
              ],
              "line": Array [
                46,
                66,
              ],
            },
            "type": Symbol(Attribute),
          },
          Object {
            "key": "key",
            "line": 9,
            "parent": [Circular],
            "ranges": Object {
              "attributeOperator": Array [
                74,
                75,
              ],
              "escapeBeginOperator": Array [
                68,
                69,
              ],
              "escapeEndOperator": Array [
                72,
                73,
              ],
              "key": Array [
                69,
                72,
              ],
              "line": Array [
                68,
                75,
              ],
            },
            "type": Symbol(Attribute),
          },
        ],
        "key": "field",
        "line": 0,
        "parent": [Circular],
        "ranges": Object {
          "fieldOperator": Array [
            5,
            6,
          ],
          "key": Array [
            0,
            5,
          ],
          "line": Array [
            0,
            6,
          ],
        },
        "type": Symbol(Field),
      },
    ],
    "type": Symbol(Document),
  },
  "_lineCount": 10,
  "_meta": Array [],
}
`;
