// Jest Snapshot v1, https://goo.gl/fbAQLP

exports[`Item tokenization performs as specified 1`] = `
Object {
  "_document": Object {
    "depth": 0,
    "elements": Array [
      Object {
        "id": 2052,
        "items": Array [
          Object {
            "id": 8200,
            "line": 2,
            "parent": [Circular],
            "ranges": Object {
              "itemOperator": Array [
                8,
                9,
              ],
              "line": Array [
                8,
                15,
              ],
              "value": Array [
                10,
                15,
              ],
            },
            "value": "value",
          },
          Object {
            "id": 8200,
            "line": 4,
            "parent": [Circular],
            "ranges": Object {
              "itemOperator": Array [
                17,
                18,
              ],
              "line": Array [
                17,
                27,
              ],
              "value": Array [
                22,
                27,
              ],
            },
            "value": "value",
          },
          Object {
            "id": 8200,
            "line": 6,
            "parent": [Circular],
            "ranges": Object {
              "itemOperator": Array [
                33,
                34,
              ],
              "line": Array [
                29,
                40,
              ],
              "value": Array [
                35,
                40,
              ],
            },
            "value": "value",
          },
          Object {
            "id": 8200,
            "line": 8,
            "parent": [Circular],
            "ranges": Object {
              "itemOperator": Array [
                46,
                47,
              ],
              "line": Array [
                42,
                56,
              ],
              "value": Array [
                51,
                56,
              ],
            },
            "value": "value",
          },
          Object {
            "id": 8200,
            "line": 10,
            "parent": [Circular],
            "ranges": Object {
              "itemOperator": Array [
                58,
                59,
              ],
              "line": Array [
                58,
                65,
              ],
              "value": Array [
                60,
                65,
              ],
            },
            "value": "value",
          },
        ],
        "key": "field",
        "line": 0,
        "parent": [Circular],
        "ranges": Object {
          "fieldOperator": Array [
            5,
            6,
          ],
          "key": Array [
            0,
            5,
          ],
          "line": Array [
            0,
            6,
          ],
        },
      },
    ],
    "id": 128,
    "line": 0,
    "ranges": Object {
      "line": Array [
        0,
        0,
      ],
    },
  },
  "_lineCount": 11,
  "_meta": Array [],
}
`;
