// Jest Snapshot v1, https://goo.gl/fbAQLP

exports[`Key tokenization performs as specified 1`] = `
Object {
  "_document": Object {
    "depth": 0,
    "elements": Array [
      Object {
        "key": "key",
        "line": 0,
        "parent": [Circular],
        "ranges": Object {
          "fieldOperator": Array [
            3,
            4,
          ],
          "key": Array [
            0,
            3,
          ],
          "line": Array [
            0,
            4,
          ],
        },
        "type": Symbol(Field, Fieldset or List),
      },
      Object {
        "key": "key",
        "line": 2,
        "parent": [Circular],
        "ranges": Object {
          "fieldOperator": Array [
            9,
            10,
          ],
          "key": Array [
            6,
            9,
          ],
          "line": Array [
            6,
            10,
          ],
        },
        "type": Symbol(Field, Fieldset or List),
      },
      Object {
        "key": "key",
        "line": 4,
        "parent": [Circular],
        "ranges": Object {
          "fieldOperator": Array [
            19,
            20,
          ],
          "key": Array [
            12,
            15,
          ],
          "line": Array [
            12,
            20,
          ],
        },
        "type": Symbol(Field, Fieldset or List),
      },
      Object {
        "key": "key",
        "line": 6,
        "parent": [Circular],
        "ranges": Object {
          "fieldOperator": Array [
            33,
            34,
          ],
          "key": Array [
            26,
            29,
          ],
          "line": Array [
            22,
            34,
          ],
        },
        "type": Symbol(Field, Fieldset or List),
      },
      Object {
        "key": "key",
        "line": 8,
        "parent": [Circular],
        "ranges": Object {
          "fieldOperator": Array [
            39,
            40,
          ],
          "key": Array [
            36,
            39,
          ],
          "line": Array [
            36,
            40,
          ],
        },
        "type": Symbol(Field, Fieldset or List),
      },
    ],
    "type": Symbol(Document),
  },
  "_lineCount": 9,
  "_meta": Array [],
}
`;
