---
"./spec/tokenizer/blocks.spec.rb[1:1:1]":
- :index: 0
  :line: 0
  :key: name
  :type: :multiline_field_begin
  :length: 7
  :ranges:
    :multiline_field_operator:
    - 0
    - 2
    :key:
    - 3
    - 7
  :value_range:
  - 8
  - 12
- :index: 8
  :length: 5
  :line: 1
  :ranges:
    :content:
    - 0
    - 5
  :type: :multiline_field_value
- :index: 14
  :length: 7
  :line: 2
  :ranges:
    :multiline_field_operator:
    - 0
    - 2
    :key:
    - 3
    - 7
  :type: :multiline_field_end
- :index: 22
  :line: 3
  :key: name
  :type: :multiline_field_begin
  :length: 14
  :ranges:
    :multiline_field_operator:
    - 4
    - 6
    :key:
    - 10
    - 14
  :value_range:
  - 37
  - 50
- :index: 37
  :length: 14
  :line: 4
  :ranges:
    :content:
    - 0
    - 14
  :type: :multiline_field_value
- :index: 52
  :length: 10
  :line: 5
  :ranges:
    :multiline_field_operator:
    - 2
    - 4
    :key:
    - 6
    - 10
  :type: :multiline_field_end
- :index: 63
  :line: 6
  :key: name
  :type: :multiline_field_begin
  :length: 7
  :ranges:
    :multiline_field_operator:
    - 0
    - 2
    :key:
    - 3
    - 7
- :index: 71
  :length: 7
  :line: 7
  :ranges:
    :multiline_field_operator:
    - 0
    - 2
    :key:
    - 3
    - 7
  :type: :multiline_field_end
- :index: 79
  :line: 8
  :key: "--"
  :type: :multiline_field_begin
  :length: 5
  :ranges:
    :multiline_field_operator:
    - 0
    - 2
    :key:
    - 3
    - 5
  :value_range:
  - 85
  - 86
- :index: 85
  :length: 2
  :line: 9
  :ranges:
    :content:
    - 0
    - 2
  :type: :multiline_field_value
- :index: 88
  :length: 5
  :line: 10
  :ranges:
    :multiline_field_operator:
    - 0
    - 2
    :key:
    - 3
    - 5
  :type: :multiline_field_end
