---
"./spec/parser/embeds.spec.rb[1:1:1]": &1
  :elements:
  - :index: 0
    :line: 0
    :ranges:
      :line:
      - 0
      - 6
      :embed_operator:
      - 0
      - 2
      :key:
      - 3
      - 6
    :key: key
    :parent: *1
    :type: :embed_begin
    :lines:
    - :line: 1
      :ranges:
        :line:
        - 7
        - 12
        :value:
        - 7
        - 12
      :type: :embed_value
    :end:
      :length: 19
      :line: 2
      :ranges:
        :key:
        - 16
        - 19
        :line:
        - 13
        - 19
        :embed_operator:
        - 13
        - 15
      :type: :embed_end
  - :index: 20
    :line: 3
    :ranges:
      :line:
      - 20
      - 33
      :embed_operator:
      - 24
      - 26
      :key:
      - 30
      - 33
    :key: key
    :parent: *1
    :type: :embed_begin
    :lines:
    - :line: 4
      :ranges:
        :line:
        - 34
        - 48
        :value:
        - 34
        - 48
      :type: :embed_value
    :end:
      :length: 58
      :line: 5
      :ranges:
        :key:
        - 55
        - 58
        :line:
        - 49
        - 58
        :embed_operator:
        - 51
        - 53
      :type: :embed_end
  - :index: 59
    :line: 6
    :ranges:
      :line:
      - 59
      - 65
      :embed_operator:
      - 59
      - 61
      :key:
      - 62
      - 65
    :key: key
    :parent: *1
    :type: :embed_begin
    :end:
      :length: 72
      :line: 7
      :ranges:
        :key:
        - 69
        - 72
        :line:
        - 66
        - 72
        :embed_operator:
        - 66
        - 68
      :type: :embed_end
  - :index: 73
    :line: 8
    :ranges:
      :line:
      - 73
      - 78
      :embed_operator:
      - 73
      - 75
      :key:
      - 76
      - 78
    :key: "--"
    :parent: *1
    :type: :embed_begin
    :lines:
    - :line: 9
      :ranges:
        :line:
        - 79
        - 81
        :value:
        - 79
        - 81
      :type: :embed_value
    :end:
      :length: 87
      :line: 10
      :ranges:
        :key:
        - 85
        - 87
        :line:
        - 82
        - 87
        :embed_operator:
        - 82
        - 84
      :type: :embed_end
  :type: :document
