---
"./spec/parser/empty_fields.spec.rb[1:1:1]": &1
  :elements:
  - :index: 0
    :line: 0
    :ranges:
      :line:
      - 0
      - 4
      :field_operator:
      - 3
      - 4
      :key:
      - 0
      - 3
    :key: key
    :type: :field
    :parent: *1
  - :index: 5
    :line: 1
    :ranges:
      :line:
      - 5
      - 14
      :field_operator:
      - 13
      - 14
      :key:
      - 5
      - 13
    :key: long key
    :type: :field
    :parent: *1
  - :index: 15
    :line: 2
    :ranges:
      :line:
      - 15
      - 23
      :field_operator:
      - 22
      - 23
      :key:
      - 19
      - 22
    :key: key
    :type: :field
    :parent: *1
  - :index: 24
    :line: 3
    :ranges:
      :line:
      - 24
      - 36
      :field_operator:
      - 35
      - 36
      :key:
      - 28
      - 31
    :key: key
    :type: :field
    :parent: *1
  :type: :document
