// Jest Snapshot v1, https://goo.gl/fbAQLP

exports[`Blackbox test Continuations performs as expected 1`] = `
Object {
  "elements": Array [
    Object {
      "key": "field_with_value",
      "type": "field",
      "value": "[value] [spaced_continuation][direct_continuation]",
    },
    Object {
      "attributes": Array [
        Object {
          "key": "attribute",
          "value": "[value] [spaced_continuation][direct_continuation]",
        },
      ],
      "key": "field_with_attribute",
      "type": "field",
    },
    Object {
      "items": Array [
        Object {
          "value": "[item] [spaced_continuation][direct_continuation]",
        },
      ],
      "key": "field_with_item",
      "type": "field",
    },
    Object {
      "key": "empty_field",
      "type": "field",
      "value": "[spaced_continuation][direct_continuation]",
    },
    Object {
      "attributes": Array [
        Object {
          "key": "empty_attribute",
          "value": "[spaced_continuation][direct_continuation]",
        },
      ],
      "key": "field_with_empty_attribute",
      "type": "field",
    },
    Object {
      "items": Array [
        Object {
          "value": "[spaced_continuation][direct_continuation]",
        },
      ],
      "key": "field_with_empty_item",
      "type": "field",
    },
  ],
  "key": null,
  "type": "section",
}
`;
