// Jest Snapshot v1, https://goo.gl/fbAQLP

exports[`Terminal reporter produces colored terminal output 1`] = `
"[40m      1 [0m [90m> comment[0m
[30m[101m >    2 [0m [37m#[0m [1m[97msection[0m
[30m[47m *    3 [0m 
[30m[47m *    4 [0m [1m[97mfield[0m[37m:[0m [2m[37mvalue[0m
[30m[47m *    5 [0m 
[30m[47m *    6 [0m [1m[97mfield_with_items[0m[37m:[0m
[30m[47m *    7 [0m [37m-[0m [2m[37mitem[0m
[30m[47m *    8 [0m [37m-[0m [2m[37mitem[0m
[30m[47m *    9 [0m 
[30m[47m *   10 [0m [90m> comment[0m
[30m[47m *   11 [0m [37m-[0m [2m[37mitem[0m
[30m[47m *   12 [0m 
[30m[47m *   13 [0m [37m##[0m [1m[97msubsection[0m
[30m[47m *   14 [0m 
[30m[47m *   15 [0m [1m[97mfield_with_attributes[0m[37m:[0m
[30m[47m *   16 [0m [1m[97mattribute[0m [37m=[0m [2m[37mvalue[0m
[30m[47m *   17 [0m 
[30m[47m *   18 [0m [90m> comment[0m
[30m[47m *   19 [0m [1m[97mattribute[0m [37m=[0m [2m[37mvalue[0m"
`;
